// Jest Snapshot v1, https://goo.gl/fbAQLP

exports[`1. Renders Dashboard component without crashing 1`] = `
<DocumentFragment>
  <div>
    Dashboard
  </div>
</DocumentFragment>
`;
